; This file was created by Oleg Valiulin on 13.07.2018. This is a cyrillic to Dargwa transcription map. 
;   Conversion Type = Legacy_to_from_Unicode
;   Left-hand side font = Arial;12
;   Right-hand side font = Charis SIL Compact;12
;   Main Window Position = 587,125,615,754
;   Left-hand side Character Map Window Position = 298,224,457,446
;   Right-hand side Character Map Window Position = 142,372,642,489

EncodingName            "drg"
DescriptiveName         "drg_trans"
Version                 "1"
Contact                 "ovaliulin94@mail.ru"

pass(Unicode)

"’" <> "'"
"'" <> "'"
"а" <> "a"
"аа" <> "aː"
"Аа" <> "aː"
"АА" <> "aː"
"б" <> "b"
"Б" <> "b"
"в" <> "w"
"В" <> "w"
"г" <> "g"
"Г" <> "g"
"г1" <> "ʡ"
"Г1" <> "ʡ"
"г1в" <> "ʡʷ"
"Г1в" <> "ʡʷ"
"Г1В" <> "ʡʷ"
"гв" <> "gʷ"
"Гв" <> "gʷ"
"ГВ" <> "gʷ"
"гІ" <> "ʡ"
"ГІ" <> "ʡ"
"гІ" <> "ʡ"
"ГІ" <> "ʡ"
"гІ" <> "ʡ"
"ГІ" <> "ʡ"
"ГІ" <> "ʡ"
"гІв" <> "ʡʷ"
"ГІв" <> "ʡʷ"
"ГІВ" <> "ʡʷ"
"гІв" <> "ʡʷ"
"ГІв" <> "ʡʷ"
"ГІВ" <> "ʡʷ"
"гІв" <> "ʡʷ"
"ГІв" <> "ʡʷ"
"ГІВ" <> "ʡʷ"
"ГІв" <> "ʡʷ"
"ГІВ" <> "ʡʷ"
"гъ" <> "ʁ"
"Гъ" <> "ʁ"
"ГЪ" <> "ʁ"
"гъв" <> "ʁʷ"
"Гъв" <> "ʁʷ"
"ГЪВ" <> "ʁʷ"
"гь" <> "h"
"Гь" <> "h"
"ГЬ" <> "h"
"гӀ" <> "ʡ"
"ГӀ" <> "ʡ"
"гӏ" <> "ʡ"
"Гӏ" <> "ʡ"
"гӀв" <> "ʡʷ"
"ГӀв" <> "ʡʷ"
"ГӀВ" <> "ʡʷ"
"гӏв" <> "ʡʷ"
"Гӏв" <> "ʡʷ"
"ГӏВ" <> "ʡʷ"
"гI" <> "ʡ"
"ГI" <> "ʡ"
"гIв" <> "ʡʷ"
"ГIв" <> "ʡʷ"
"ГIВ" <> "ʡʷ"
"гГ" <> "ʕ"
"Гг" <> "ʕ"
"гг" <> "ʕ"
"ГГ" <> "ʕ"
"д" <> "d"
"Д" <> "d"
"ее" <> "eː"
"ээ" <> "e:"
"е" <> "e"
"Ее" <> "eː"
"Е" <> "e"
"ЕЕ" <> "eː"
"ж" <> "ž"
"Ж" <> "ž"
"жв" <> "zʷ"
"Жв" <> "zʷ"
"ЖВ" <> "zʷ"
"з" <> "z"
"З" <> "z"
"и" <> "i"
"ии" <> "iː"
"ИИ" <> "iː"
"Ии" <> "iː"
"иИ" <> "iː"
"й" <> "j"
"Й" <> "j"
"к" <> "k"
"К" <> "k"
"кк" <> "kː"
"Кк" <> "kː"
"кК" <> "kː"
"КК" <> "kː"
"к1" <> "k’"
"К1" <> "k’"
"к1в" <> "k’ʷ"
"К1в" <> "k’ʷ"
"К1В" <> "k’ʷ"
"к1ь" <> "k’"
"К1ь" <> "k’"
"К1Ь" <> "k’"
"кв" <> "kʷ"
"Кв" <> "kʷ"
"КВ" <> "kʷ"
"кІ" <> "k’"
"КІ" <> "k’"
"кІ" <> "k’"
"КІ" <> "k’"
"кІ" <> "k’"
"КІ" <> "k’"
"кІ" <> "k’"
"КІ" <> "k’"
"КІ" <> "k’"
"кІ" <> "k’"
"КІ" <> "k’"
"кІ" <> "k’"
"КІ" <> "k’"
"кІ" <> "k’"
"КІ" <> "k’"
"кІ" <> "k’"
"КІ" <> "k’"
"кІ" <> "k’"
"КІ" <> "k’"
"кІв" <> "k’ʷ"
"КІв" <> "k’ʷ"
"КІВ" <> "k’ʷ"
"кІв" <> "k’ʷ"
"КІв" <> "k’ʷ"
"КІВ" <> "k’ʷ"
"кІв" <> "k’ʷ"
"КІв" <> "k’ʷ"
"КІВ" <> "k’ʷ"
"кІв" <> "k’ʷ"
"КІв" <> "k’ʷ"
"КІВ" <> "k’ʷ"
"кІь" <> "k’"
"КІь" <> "k’"
"КІЬ" <> "k’"
"къ" <> "qː"
"Къ" <> "qː"
"КЪ" <> "qː"
"къв" <> "qːʷ"
"Къв" <> "qːʷ"
"КЪВ" <> "qːʷ"
"кь" <> "q’"
"Кь" <> "q’"
"КЬ" <> "q’"
"кӀ" <> "k’"
"КӀ" <> "k’"
"кӏ" <> "k’"
"Кӏ" <> "k’"
"кӀв" <> "k’ʷ"
"КӀв" <> "k’ʷ"
"КӀВ" <> "k’ʷ"
"кӏв" <> "k’ʷ"
"Кӏв" <> "k’ʷ"
"КӏВ" <> "k’ʷ"
"кӀь" <> "k’"
"КӀь" <> "k’"
"КӀЬ" <> "k’"
"кӏь" <> "k’"
"Кӏь" <> "k’"
"КӏЬ" <> "k’"
"кI" <> "k’"
"КI" <> "k’"
"кIв" <> "k’ʷ"
"КIв" <> "k’ʷ"
"КIВ" <> "k’ʷ"
"л" <> "l"
"Л" <> "l"
"лв" <> "lʷ"
"Лв" <> "lʷ"
"м" <> "m"
"М" <> "m"
"н" <> "n"
"Н" <> "n"
"о" <> "o"
"О" <> "o"
"п" <> "p"
"П" <> "p"
"п1" <> "p’"
"П1" <> "p’"
"пӀ" <> "p’"
"ПӀ" <> "p’"
"пӏ" <> "p’"
"Пӏ" <> "p’"
"пI" <> "p’"
"ПI" <> "p’"
"пп" <> "pː"
"Пп" <> "pː"
"ПП" <> "pː"
"Пп" <> "pː"
"р" <> "r"
"Р" <> "r"
"с" <> "s"
"С" <> "s"
"сс" <> "sː"
"Сс" <> "sː"
"СС" <> "sː"
"сС" <> "sː"
"т" <> "t"
"Т" <> "t"
"тТ" <> "tː"
"Тт" <> "tː"
"тт" <> "tː"
"Тт" <> "tː"
"т1" <> "t’"
"Т1" <> "t’"
"тІ" <> "t’"
"ТІ" <> "t’"
"тӀ" <> "t’"
"ТӀ" <> "t’"
"тӏ" <> "t’"
"Тӏ" <> "t’"
"тI" <> "t’"
"ТI" <> "t’"
"ч" <> "č"
"Ч" <> "č"
"чч" <> "čː"
"Чч" <> "čː"
"чЧ" <> "čː"
"ЧЧ" <> "čː"
"у" <> "u"
"У" <> "u"
"ф" <> "f"
"Ф" <> "f"
"х" <> "χ"
"Х" <> "χ"
"хХ" <> "χː"
"ХХ" <> "χː"
"Хх" <> "χː"
"хх" <> "χː"
"х1" <> "ħ"
"Х1" <> "ħ"
"х1в" <> "ħʷ"
"Х1в" <> "ħʷ"
"Х1В" <> "ħʷ"
"хв" <> "χʷ"
"Хв" <> "χʷ"
"ХВ" <> "χʷ"
"хІ" <> "ħ"
"ХІ" <> "ħ"
"хІв" <> "ħʷ"
"ХІв" <> "ħʷ"
"ХІВ" <> "ħʷ"
"хъ" <> "q"
"Хъ" <> "q"
"ХЪ" <> "q"
"хъ" <> "q"
"Хъ" <> "q"
"ХЪ" <> "q"
"хъв" <> "qʷ"
"Хъв" <> "qʷ"
"ХЪВ" <> "qʷ"
"хъв" <> "qʷ"
"Хъв" <> "qʷ"
"ХЪВ" <> "qʷ"
"хь" <> "x"
"Хь" <> "x"
"ХЬ" <> "x"
"хьхь" <> "xː"
"ХьХь" <> "xː"
"ХЬХЬ" <> "xː"
"хьХЬ" <> "xː"
"ХьХЬ" <> "xː"
"ХЬХь" <> "xː"
"хӀ" <> "ħ"
"ХӀ" <> "ħ"
"хӏ" <> "ħ"
"Хӏ" <> "ħ"
"хӀв" <> "ħʷ"
"ХӀв" <> "ħʷ"
"ХӀВ" <> "ħʷ"
"хӏв" <> "ħʷ"
"Хӏв" <> "ħʷ"
"ХӏВ" <> "ħʷ"
"хI" <> "ħ"
"ХI" <> "ħ"
"хIв" <> "ħʷ"
"ХIв" <> "ħʷ"
"ХIВ" <> "ħʷ"
"ц" <> "c"
"Ц" <> "c"
"цц" <> "cː"
"Цц" <> "cː"
"цЦ" <> "cː"
"ЦЦ" <> "cː"
"ц1" <> "c’"
"Ц1" <> "c’"
"цІ" <> "c’"
"ЦІ" <> "c’"
"цӀ" <> "c’"
"ЦӀ" <> "c’"
"цӏ" <> "c’"
"Цӏ" <> "c’"
"цI" <> "c’"
"ЦI" <> "c’"
"ч1" <> "č’"
"Ч1" <> "č’"
"ч1в" <> "č’ʷ"
"Ч1в" <> "č’ʷ"
"Ч1В" <> "č’ʷ"
"чв" <> "čʷ"
"Чв" <> "čʷ"
"ЧВ" <> "čʷ"
"чІ" <> "č’"
"ЧІ" <> "č’"
"чІв" <> "č’ʷ"
"ЧІв" <> "č’ʷ"
"ЧІВ" <> "č’ʷ"
"чӀ" <> "č’"
"ЧӀ" <> "č’"
"чӏ" <> "č’"
"Чӏ" <> "č’"
"чI" <> "č’"
"ЧI" <> "č’"
"ш" <> "š"
"Ш" <> "š"
"шШ" <> "šː"
"ШШ" <> "šː"
"шш" <> "šː"
"Шш" <> "šː"
"шв" <> "sʷ"
"Шв" <> "sʷ"
"ШВ" <> "sʷ"
"э" <> "e"
"Э" <> "e"
"ю" <> "uˁ"
" ю" <> " ju"
"Ю" <> "ju"
"я" <> "aˁ"
"Я" <> "ja"
" я" <> " ja"
"аю" <> "aju"
"ую" <> "uju"
"ою" <> "oju"
"ею" <> "eju"
"ию" <> "iju"
"эю" <> "eju"
"яю" <> "jaju"
"юю" <> "juju"
"ая" <> "aja"
"уя" <> "uja"
"оя" <> "oja"
"эя" <> "eja"
"ея" <> "eja"
"юя" <> "juja"
"яя" <> "jaja"
"ия" <> "ija"

"." <> "."
"," <> ","
"[" <> "["
"]" <> "]"
"(" <> "("
")" <> ")"
"{" <> "{"
"}" <> "}"
"<" <> "<"
">" <> ">"
":" <> ":"
"-" <> "-"
"–" <> "–"
"—" <> "—"
"―" <> "―"
"…" <> "…"
"!" <> "!"
"‐" <> "‐"
"-" <> "-"
"?" <> "?"
";" <> ";"
" " <> " "
"·" <> "·"
'"' <> '"'
U+000A <> U+000A
U+000D <> U+000D
U+0085 <> U+0085
U+2028 <> U+2028
U+2029 <> U+2029
